// Jest Snapshot v1, https://goo.gl/fbAQLP

exports[`Removed 1`] = `
"removed{
from = resource.a
lifecycle {
destroy = false
}
}

"
`;
